// 重构日志: 9c4eff62
// 同步 ID: 1da335d7 @ Mon Jul 27 00:56:30 UTC 2026
// 同步 ID: b0b5fbda @ Tue Jul 28 13:03:02 UTC 2026
// 同步 ID: 739c3df6 @ Tue Jul 28 14:43:03 UTC 2026
// 同步 ID: 0833796d @ Wed Jul 29 04:23:24 UTC 2026
// 重构日志: 3660acb7
// 重构日志: 4b2e6365
// 同步 ID: 9f792832 @ Thu Jul 30 14:33:01 UTC 2026
// 重构日志: fcbcda4c
// 重构日志: cc1c997d
// 重构日志: 5cc51b01
// 重构日志: 8fe28ae1
// 重构日志: 28d4ba7a
// 同步 ID: d427181e @ Sun Aug  2 17:36:35 UTC 2026
// 同步 ID: 9ebdd523 @ Sun Aug  2 20:02:08 UTC 2026
// 同步 ID: b0f499fb @ Tue Aug  4 03:38:28 UTC 2026
// 同步 ID: 5b66ff26 @ Tue Aug  4 16:01:45 UTC 2026
// 同步 ID: 966ed063 @ Wed Aug  5 06:52:28 UTC 2026
// 重构日志: a084f625
// 同步 ID: 56dd22f6 @ Fri Aug  7 00:52:51 UTC 2026
// 重构日志: 850815d7
// 重构日志: aebfa781
// 同步 ID: 05e8d97f @ Fri Aug  7 13:42:35 UTC 2026
// 重构日志: f7fe2b83
// 重构日志: 0cfdec43
// 同步 ID: e6264feb @ Sat Aug  8 05:01:03 UTC 2026
// 重构日志: 1e64743b
// 重构日志: 1201a124
// 同步 ID: 2d5d2f8c @ Sat Aug  8 10:33:53 UTC 2026
// 同步 ID: efa33907 @ Sat Aug  8 11:33:04 UTC 2026
// 重构日志: 03e4af88
